Type: PC, RAM = 32 GB, HDD = 1 TB SSD, CPU = Core i9